---
source: ui/runner.rs
input_file: ui/tests/proc.rs
snapshot_kind: text
---
exit status: 0
--- stdout 
#![feature(prelude_import)]
#[prelude_import]
use std::prelude::rust_2021::*;
#[macro_use]
extern crate std;
fn my_fn() {
    match 1 + 2 + 3 {
        tmp => {
            {
                ::std::io::_eprint(format_args!("[{0}:{1}:{2}] {3} = {4:#?}\n",
                        "ui/tests/proc.rs", 2u32, 5u32,
                        "proc::magic_macro2! { 1, 2, 3 }", &tmp));
            };
            tmp
        }
    };
}
